// Jest Snapshot v1, https://goo.gl/fbAQLP

exports[`Should display the dashboard componenet 1`] = `
<div>
  Dashboard Page Content
</div>
`;
